[lecluseo.scenari-community.org/CircuitPython/co/module_Micropython.html]
[backblue.gif]
[fade.gif]
[index.html]
[lecluseo.scenari-community.org/CircuitPython/lib-sc/scCoLib.js]
[lecluseo.scenari-community.org/CircuitPython/lib-sc/scPaLib.js]
[lecluseo.scenari-community.org/CircuitPython/lib-md/s_assmnt.js]
[lecluseo.scenari-community.org/CircuitPython/lib-md/s_scSearch/scSearch.js]
[lecluseo.scenari-community.org/CircuitPython/skin/css/main.css]
[lecluseo.scenari-community.org/CircuitPython/skin/css/skin.css]
[lecluseo.scenari-community.org/CircuitPython/res/Blinka.png]
[lecluseo.scenari-community.org/CircuitPython/skin/css/print.css]
[external.html]
[lecluseo.scenari-community.org/CircuitPython/co/module_Micropython_1.html]
[lecluseo.scenari-community.org/CircuitPython/skin/img/tpl/scBtn.png]
[lecluseo.scenari-community.org/CircuitPython/co/module_Micropython.html]
[lecluseo.scenari-community.org/CircuitPython/skin/js/skin.js]
[lecluseo.scenari-community.org/CircuitPython/lib-md/w_scImgMgr/scImgMgr.css]
[lecluseo.scenari-community.org/CircuitPython/lib-md/w_scCodeMgr/scCodeMgr.css]
[lecluseo.scenari-community.org/CircuitPython/lib-sc/scSiLib.js]
[lecluseo.scenari-community.org/CircuitPython/lib-sc/scTiLib.js]
[lecluseo.scenari-community.org/CircuitPython/lib-sc/scMapMgr.js]
[lecluseo.scenari-community.org/CircuitPython/lib-sc/scTooltipMgr.js]
[lecluseo.scenari-community.org/CircuitPython/lib-sc/scDynUiMgr.js]
[lecluseo.scenari-community.org/CircuitPython/lib-sc/scDragMgr.js]
[lecluseo.scenari-community.org/CircuitPython/lib-sc/scAssmntMgr.js]
[lecluseo.scenari-community.org/CircuitPython/lib-md/w_mathjax/mathjaxMgr.js]
[lecluseo.scenari-community.org/CircuitPython/lib-md/w_tplMgr/tplMgr.js]
[lecluseo.scenari-community.org/CircuitPython/lib-md/w_scCodeMgr/scCodeMgr.js]
[lecluseo.scenari-community.org/CircuitPython/lib-md/w_searchMgr/searchMgr.js]
[lecluseo.scenari-community.org/CircuitPython/lib-md/w_scMediaMgr/scMediaMgr.js]
[lecluseo.scenari-community.org/CircuitPython/lib-md/w_scImgMgr/scImgMgr.js]
[lecluseo.scenari-community.org/CircuitPython/lib-md/w_outMgr/outMgr.js]
[lecluseo.scenari-community.org/CircuitPython/co/module_Micropython.txt]
[lecluseo.scenari-community.org/CircuitPython/res/CPXRainbowBlinka.jpg]
[lecluseo.scenari-community.org/CircuitPython/co/AA_circuitPython.html]
[lecluseo.scenari-community.org/CircuitPython/co/AA_edublocks.html]
[lecluseo.scenari-community.org/CircuitPython/co/AA_circuitPython_1.html]
[lecluseo.scenari-community.org/CircuitPython/co/AA_mu.html]
[lecluseo.scenari-community.org/CircuitPython/co/AA_autresProjets.html]
[lecluseo.scenari-community.org/CircuitPython/co/AA_displayio.html]
[lecluseo.scenari-community.org/CircuitPython/co/aa_gameConsole.html]
[lecluseo.scenari-community.org/CircuitPython/co/module_Micropython_2.html]
[lecluseo.scenari-community.org/CircuitPython/co/module_Micropython_1.html]
[lecluseo.scenari-community.org/CircuitPython/co/module_Micropython_3.html]
[lecluseo.scenari-community.org/CircuitPython/co/g_adafruit.html]
[lecluseo.scenari-community.org/CircuitPython/co/g_circuitpython.html]
[lecluseo.scenari-community.org/CircuitPython/co/AA_circuitPython.html]
[lecluseo.scenari-community.org/CircuitPython/co/g_Comparatif.html]
[lecluseo.scenari-community.org/CircuitPython/co/g_edublocks.html]
[lecluseo.scenari-community.org/CircuitPython/co/AA_edublocks.html]
[lecluseo.scenari-community.org/CircuitPython/co/g_samples.html]
[lecluseo.scenari-community.org/CircuitPython/co/AA_circuitPython_2.html]
[lecluseo.scenari-community.org/CircuitPython/co/g_intro.html]
[lecluseo.scenari-community.org/CircuitPython/co/g_blink.html]
[lecluseo.scenari-community.org/CircuitPython/co/g_button.html]
[lecluseo.scenari-community.org/CircuitPython/co/g_analogIn.html]
[lecluseo.scenari-community.org/CircuitPython/co/AA_circuitPython_1.html]
[lecluseo.scenari-community.org/CircuitPython/co/g_PWM.html]
[lecluseo.scenari-community.org/CircuitPython/co/AA_mu_1.html]
[lecluseo.scenari-community.org/CircuitPython/co/play_tone.html]
[lecluseo.scenari-community.org/CircuitPython/co/g_lightmeter.html]
[lecluseo.scenari-community.org/CircuitPython/co/g_accelerometre.html]
[lecluseo.scenari-community.org/CircuitPython/co/g_pulseio.html]
[lecluseo.scenari-community.org/CircuitPython/co/g_recepteur_IR.html]
[lecluseo.scenari-community.org/CircuitPython/co/AA_mu.html]
[lecluseo.scenari-community.org/CircuitPython/co/g_sonometre.html]
[lecluseo.scenari-community.org/CircuitPython/co/AA_autresProjets_1.html]
[lecluseo.scenari-community.org/CircuitPython/co/g_horloge.html]
[lecluseo.scenari-community.org/CircuitPython/co/AA_autresProjets.html]
[lecluseo.scenari-community.org/CircuitPython/co/g_iot.html]
[lecluseo.scenari-community.org/CircuitPython/co/AA_displayio_1.html]
[lecluseo.scenari-community.org/CircuitPython/co/AA_displayio.html]
[lecluseo.scenari-community.org/CircuitPython/co/g_mandelbrot.html]
[lecluseo.scenari-community.org/CircuitPython/co/aa_gameConsole_1.html]
[lecluseo.scenari-community.org/CircuitPython/co/g_fabrication.html]
[lecluseo.scenari-community.org/CircuitPython/co/g_jeuxPython.html]
[lecluseo.scenari-community.org/CircuitPython/co/aa_gameConsole.html]
[lecluseo.scenari-community.org/CircuitPython/co/g_creerJeux.html]
[lecluseo.scenari-community.org/CircuitPython/co/module_Micropython_4.html]
[lecluseo.scenari-community.org/CircuitPython/co/AA_install.html]
[lecluseo.scenari-community.org/CircuitPython/co/g_liremeteo.html]
[lecluseo.scenari-community.org/CircuitPython/co/g_push.html]
[lecluseo.scenari-community.org/CircuitPython/co/module_Micropython_2.html]
[lecluseo.scenari-community.org/CircuitPython/co/AA_MQTT.html]
[lecluseo.scenari-community.org/CircuitPython/co/module_Micropython_5.html]
[lecluseo.scenari-community.org/CircuitPython/co/G_mu_1.html]
[lecluseo.scenari-community.org/CircuitPython/co/AA_kitSurvie.html]
[lecluseo.scenari-community.org/CircuitPython/co/g_exosMB.html]
[lecluseo.scenari-community.org/CircuitPython/co/AA_projets.html]
[lecluseo.scenari-community.org/CircuitPython/co/module_Micropython_3.html]
[lecluseo.scenari-community.org/CircuitPython/co/AA_MQTT_2.html]
[lecluseo.scenari-community.org/CircuitPython/res/circuit_playground_cpx03.jpg]
[lecluseo.scenari-community.org/CircuitPython/co/g_adafruit.html]
[lecluseo.scenari-community.org/CircuitPython/co/g_circuitpython.html]
[lecluseo.scenari-community.org/CircuitPython/co/g_Comparatif.html]
[lecluseo.scenari-community.org/CircuitPython/co/g_Comparatif_1.html]
[lecluseo.scenari-community.org/CircuitPython/res/eb_extension.png]
[lecluseo.scenari-community.org/CircuitPython/res/cpx_Easy.png]
[lecluseo.scenari-community.org/CircuitPython/res/FF_downloads.png]
[lecluseo.scenari-community.org/CircuitPython/res/blink.png]
[lecluseo.scenari-community.org/CircuitPython/res/LED_D13.jpg]
[lecluseo.scenari-community.org/CircuitPython/res/LED_D13_1.jpg]
[lecluseo.scenari-community.org/CircuitPython/res/console.png]
[lecluseo.scenari-community.org/CircuitPython/res/console_1.png]
[lecluseo.scenari-community.org/CircuitPython/co/g_edublocks.html]
[lecluseo.scenari-community.org/CircuitPython/res/roueRVB.JPG]
[lecluseo.scenari-community.org/CircuitPython/res/roueRVB.png]
[lecluseo.scenari-community.org/CircuitPython/res/roueRVB_1.png]
[lecluseo.scenari-community.org/CircuitPython/co/g_samples.html]
[lecluseo.scenari-community.org/CircuitPython/res/IMG_0422.JPG]
[lecluseo.scenari-community.org/CircuitPython/res/IMG_0422_1.JPG]
[lecluseo.scenari-community.org/CircuitPython/co/AA_circuitPython_2.html]
[lecluseo.scenari-community.org/CircuitPython/co/g_intro.html]
[lecluseo.scenari-community.org/CircuitPython/co/g_button_1.html]
[lecluseo.scenari-community.org/CircuitPython/res/IMG_0423.JPG]
[lecluseo.scenari-community.org/CircuitPython/co/g_blink.html]
[lecluseo.scenari-community.org/CircuitPython/res/IMG_0425.JPG]
[lecluseo.scenari-community.org/CircuitPython/res/IMG_0425_1.JPG]
[lecluseo.scenari-community.org/CircuitPython/res/SDS00016.png]
[lecluseo.scenari-community.org/CircuitPython/res/SDS00016_1.png]
[lecluseo.scenari-community.org/CircuitPython/co/g_button.html]
[lecluseo.scenari-community.org/CircuitPython/res/ldr.png]
[lecluseo.scenari-community.org/CircuitPython/res/ldr_1.png]
[lecluseo.scenari-community.org/CircuitPython/res/capmu.png]
[lecluseo.scenari-community.org/CircuitPython/res/IMG_0428.JPG]
[lecluseo.scenari-community.org/CircuitPython/res/IMG_0428_1.JPG]
[lecluseo.scenari-community.org/CircuitPython/co/g_analogIn.html]
[lecluseo.scenari-community.org/CircuitPython/co/g_pulseio_1.html]
[lecluseo.scenari-community.org/CircuitPython/res/ledPWM.png]
[lecluseo.scenari-community.org/CircuitPython/res/ledPWM_1.png]
[lecluseo.scenari-community.org/CircuitPython/co/g_PWM.html]
[lecluseo.scenari-community.org/CircuitPython/co/AA_mu_1.html]
[lecluseo.scenari-community.org/CircuitPython/res/serie.png]
[lecluseo.scenari-community.org/CircuitPython/res/IMG_0402.JPG]
[lecluseo.scenari-community.org/CircuitPython/res/IMG_0402_1.JPG]
[lecluseo.scenari-community.org/CircuitPython/res/SDS00001.png]
[lecluseo.scenari-community.org/CircuitPython/co/play_tone.html]
[lecluseo.scenari-community.org/CircuitPython/res/circuitpython_cpx_light_sensor.jpg]
[lecluseo.scenari-community.org/CircuitPython/res/grapher.png]
[lecluseo.scenari-community.org/CircuitPython/res/IMG_0403.JPG]
[lecluseo.scenari-community.org/CircuitPython/co/g_lightmeter.html]
[lecluseo.scenari-community.org/CircuitPython/res/circuitpython_cpx_accelerometer.jpg]
[lecluseo.scenari-community.org/CircuitPython/res/circuitpython_cpx_accelerometer_1.jpg]
[lecluseo.scenari-community.org/CircuitPython/res/accel.png]
[lecluseo.scenari-community.org/CircuitPython/co/g_accelerometre.html]
[lecluseo.scenari-community.org/CircuitPython/res/SDS00002.png]
[lecluseo.scenari-community.org/CircuitPython/res/SDS00002_1.png]
[lecluseo.scenari-community.org/CircuitPython/res/IMG_0405.JPG]
[lecluseo.scenari-community.org/CircuitPython/co/g_pulseio.html]
[lecluseo.scenari-community.org/CircuitPython/res/ir.png]
[lecluseo.scenari-community.org/CircuitPython/co/g_recepteur_IR.html]
[lecluseo.scenari-community.org/CircuitPython/co/g_sonometre.html]
[lecluseo.scenari-community.org/CircuitPython/co/AA_autresProjets_1.html]
[lecluseo.scenari-community.org/CircuitPython/res/IMG_0406.JPG]
[lecluseo.scenari-community.org/CircuitPython/res/IMG_0406_1.JPG]
[lecluseo.scenari-community.org/CircuitPython/res/IMG_0410.JPG]
[lecluseo.scenari-community.org/CircuitPython/res/IMG_0410_1.JPG]
[lecluseo.scenari-community.org/CircuitPython/co/g_horloge.html]
[lecluseo.scenari-community.org/CircuitPython/res/capture.png]
[lecluseo.scenari-community.org/CircuitPython/res/cablage.png]
[lecluseo.scenari-community.org/CircuitPython/res/cablage_1.png]
[lecluseo.scenari-community.org/CircuitPython/res/IMG_0458.gif]
[lecluseo.scenari-community.org/CircuitPython/co/g_iot.html]
[lecluseo.scenari-community.org/CircuitPython/co/AA_displayio_1.html]
[lecluseo.scenari-community.org/CircuitPython/res/IMG_0615.JPG]
[lecluseo.scenari-community.org/CircuitPython/co/g_fabrication_1.html]
[lecluseo.scenari-community.org/CircuitPython/res/circuitpython_bitmap_palette.png]
[lecluseo.scenari-community.org/CircuitPython/res/circuitpython_bitmap_palette_1.png]
[lecluseo.scenari-community.org/CircuitPython/res/IMG_0617.JPG]
[lecluseo.scenari-community.org/CircuitPython/co/g_mandelbrot.html]
[lecluseo.scenari-community.org/CircuitPython/res/IMG_0566.JPG]
[lecluseo.scenari-community.org/CircuitPython/co/aa_gameConsole_1.html]
[lecluseo.scenari-community.org/CircuitPython/res/components_makecode-arcade-itsybitsy-m4-express_bb.png]
[lecluseo.scenari-community.org/CircuitPython/res/components_P1060205_jpg.png]
[lecluseo.scenari-community.org/CircuitPython/res/components_P1060205_jpg_1.png]
[lecluseo.scenari-community.org/CircuitPython/res/components_bootloader_jpg.png]
[lecluseo.scenari-community.org/CircuitPython/res/components_makecode-arcade-itsybitsy-m4-express-A-button_bb.png]
[lecluseo.scenari-community.org/CircuitPython/res/components_P1060226.jpg]
[lecluseo.scenari-community.org/CircuitPython/res/IMG_0567.JPG]
[lecluseo.scenari-community.org/CircuitPython/res/IMG_0570.JPG]
[lecluseo.scenari-community.org/CircuitPython/res/IMG_0570_1.JPG]
[lecluseo.scenari-community.org/CircuitPython/res/IMG_0568.JPG]
[lecluseo.scenari-community.org/CircuitPython/res/IMG_0571.JPG]
[lecluseo.scenari-community.org/CircuitPython/res/protoVert-gameBoy.zip]
[lecluseo.scenari-community.org/CircuitPython/co/g_fabrication.html]
[lecluseo.scenari-community.org/CircuitPython/res/itsybitsy_m4_express_stage_frozen.zip]
[lecluseo.scenari-community.org/CircuitPython/res/gameConsole.zip]
[lecluseo.scenari-community.org/CircuitPython/res/IMG_0572.JPG]
[lecluseo.scenari-community.org/CircuitPython/res/IMG_0572_1.JPG]
[lecluseo.scenari-community.org/CircuitPython/res/ball.zip]
[lecluseo.scenari-community.org/CircuitPython/res/IMG_0573.JPG]
[lecluseo.scenari-community.org/CircuitPython/res/IMG_0573_1.JPG]
[lecluseo.scenari-community.org/CircuitPython/res/jumper.zip]
[lecluseo.scenari-community.org/CircuitPython/res/vacuum-invaders.zip]
[lecluseo.scenari-community.org/CircuitPython/res/IMG_0574.JPG]
[lecluseo.scenari-community.org/CircuitPython/res/IMG_0574_1.JPG]
[lecluseo.scenari-community.org/CircuitPython/co/g_jeuxPython.html]
[lecluseo.scenari-community.org/CircuitPython/res/ball.png]
[lecluseo.scenari-community.org/CircuitPython/res/IMG_0575.JPG]
[lecluseo.scenari-community.org/CircuitPython/res/IMG_0575_1.JPG]
[lecluseo.scenari-community.org/CircuitPython/co/G_utilisationPOO.html]
[lecluseo.scenari-community.org/CircuitPython/res/IMG_0576.JPG]
[lecluseo.scenari-community.org/CircuitPython/res/IMG_0576_1.JPG]
[lecluseo.scenari-community.org/CircuitPython/res/IMG_0578.JPG]
[lecluseo.scenari-community.org/CircuitPython/co/g_creerJeux.html]
[lecluseo.scenari-community.org/CircuitPython/co/module_Micropython_4.html]
[lecluseo.scenari-community.org/CircuitPython/co/g_choixCarte.html]
[lecluseo.scenari-community.org/CircuitPython/co/g_installMP.html]
[lecluseo.scenari-community.org/CircuitPython/co/g_reseau.html]
[lecluseo.scenari-community.org/CircuitPython/co/g_webrepl.html]
[lecluseo.scenari-community.org/CircuitPython/co/g_upycraft.html]
[lecluseo.scenari-community.org/CircuitPython/co/AA_install.html]
[lecluseo.scenari-community.org/CircuitPython/co/g_mu.html]
[lecluseo.scenari-community.org/CircuitPython/res/res_meteo.png]
[lecluseo.scenari-community.org/CircuitPython/co/g_iot_1.html]
[lecluseo.scenari-community.org/CircuitPython/res/res_meteo_1.png]
[lecluseo.scenari-community.org/CircuitPython/co/g_liremeteo.html]
[lecluseo.scenari-community.org/CircuitPython/res/IMG_0461.JPG]
[lecluseo.scenari-community.org/CircuitPython/res/IMG_0461_1.JPG]
[lecluseo.scenari-community.org/CircuitPython/res/montage_wemos_dht22.png]
[lecluseo.scenari-community.org/CircuitPython/res/pb_access.png]
[lecluseo.scenari-community.org/CircuitPython/res/pb_access_1.png]
[lecluseo.scenari-community.org/CircuitPython/co/g_push.html]
[lecluseo.scenari-community.org/CircuitPython/co/AA_MQTT_1.html]
[lecluseo.scenari-community.org/CircuitPython/co/g_adafruit_io.html]
[lecluseo.scenari-community.org/CircuitPython/co/g_mqtt_pub.html]
[lecluseo.scenari-community.org/CircuitPython/co/AA_MQTT.html]
[lecluseo.scenari-community.org/CircuitPython/co/module_Micropython_5.html]
[lecluseo.scenari-community.org/CircuitPython/co/g_mqtt_sub.html]
[lecluseo.scenari-community.org/CircuitPython/res/iconeMode.png]
[lecluseo.scenari-community.org/CircuitPython/res/mode.png]
[lecluseo.scenari-community.org/CircuitPython/res/iconeFlasher.png]
[lecluseo.scenari-community.org/CircuitPython/res/iconeFichiers.png]
[lecluseo.scenari-community.org/CircuitPython/res/iconeREPL.png]
[lecluseo.scenari-community.org/CircuitPython/res/iconeGraphique.png]
[lecluseo.scenari-community.org/CircuitPython/res/iconeVerifier.png]
[lecluseo.scenari-community.org/CircuitPython/res/iconeNouveau.png]
[lecluseo.scenari-community.org/CircuitPython/res/fichiers.png]
[lecluseo.scenari-community.org/CircuitPython/res/repl.png]
[lecluseo.scenari-community.org/CircuitPython/res/graphique.png]
[lecluseo.scenari-community.org/CircuitPython/co/G_mu_1.html]
[lecluseo.scenari-community.org/CircuitPython/co/AA_kitSurvie_1.html]
[lecluseo.scenari-community.org/CircuitPython/co/g_leds.html]
[lecluseo.scenari-community.org/CircuitPython/co/g_boutons.html]
[lecluseo.scenari-community.org/CircuitPython/co/g_gpio.html]
[lecluseo.scenari-community.org/CircuitPython/co/g_radio.html]
[lecluseo.scenari-community.org/CircuitPython/co/g_son.html]
[lecluseo.scenari-community.org/CircuitPython/co/g_temp.html]
[lecluseo.scenari-community.org/CircuitPython/co/g_accel.html]
[lecluseo.scenari-community.org/CircuitPython/co/AA_kitSurvie.html]
[lecluseo.scenari-community.org/CircuitPython/res/ex4.gif]
[lecluseo.scenari-community.org/CircuitPython/co/g_boussole.html]
[lecluseo.scenari-community.org/CircuitPython/res/ex3.png]
[lecluseo.scenari-community.org/CircuitPython/res/etoileScint.gif]
[lecluseo.scenari-community.org/CircuitPython/res/ex7.gif]
[lecluseo.scenari-community.org/CircuitPython/res/ex11_accel.png]
[lecluseo.scenari-community.org/CircuitPython/res/ex11_accel_1.png]
[lecluseo.scenari-community.org/CircuitPython/res/ex14.gif]
[lecluseo.scenari-community.org/CircuitPython/co/g_exosMB.html]
[lecluseo.scenari-community.org/CircuitPython/co/g_compteur.html]
[lecluseo.scenari-community.org/CircuitPython/co/g_shifumi.html]
[lecluseo.scenari-community.org/CircuitPython/co/g_maqueenObstacles.html]
[lecluseo.scenari-community.org/CircuitPython/co/g_robhot.html]
[lecluseo.scenari-community.org/CircuitPython/co/g_maqueenRemote.html]
[lecluseo.scenari-community.org/CircuitPython/co/g_canicule.html]
[lecluseo.scenari-community.org/CircuitPython/co/g_feuChantier.html]
[lecluseo.scenari-community.org/CircuitPython/co/g_vitesseSon.html]
[lecluseo.scenari-community.org/CircuitPython/co/g_GPS.html]
[lecluseo.scenari-community.org/CircuitPython/co/g_batnav.html]
[lecluseo.scenari-community.org/CircuitPython/co/g_scudFighter.html]
[lecluseo.scenari-community.org/CircuitPython/co/g_roueCodeuse.html]
[lecluseo.scenari-community.org/CircuitPython/co/AA_projets.html]
[lecluseo.scenari-community.org/CircuitPython/co/AA_MQTT_2.html]
[lecluseo.scenari-community.org/CircuitPython/co/g_Comparatif_1.html]
[lecluseo.scenari-community.org/CircuitPython/co/g_button_1.html]
[lecluseo.scenari-community.org/CircuitPython/co/g_pulseio_1.html]
[lecluseo.scenari-community.org/CircuitPython/co/g_fabrication_1.html]
[lecluseo.scenari-community.org/CircuitPython/co/G_utilisationPOO.html]
[lecluseo.scenari-community.org/CircuitPython/co/g_choixCarte.html]
[lecluseo.scenari-community.org/CircuitPython/co/g_installMP.html]
[lecluseo.scenari-community.org/CircuitPython/co/g_reseau.html]
[lecluseo.scenari-community.org/CircuitPython/co/g_stroboscope.html]
[lecluseo.scenari-community.org/CircuitPython/res/cap_webrepl.png]
[lecluseo.scenari-community.org/CircuitPython/res/cap_webrepl_1.png]
[lecluseo.scenari-community.org/CircuitPython/co/g_webrepl.html]
[lecluseo.scenari-community.org/CircuitPython/res/uPyCraft.png]
[lecluseo.scenari-community.org/CircuitPython/res/connexion.png]
[lecluseo.scenari-community.org/CircuitPython/res/run.png]
[lecluseo.scenari-community.org/CircuitPython/co/g_upycraft.html]
[lecluseo.scenari-community.org/CircuitPython/res/mu-editor.png]
[lecluseo.scenari-community.org/CircuitPython/co/g_mu.html]
[lecluseo.scenari-community.org/CircuitPython/co/g_iot_1.html]
[lecluseo.scenari-community.org/CircuitPython/co/AA_MQTT_1.html]
[lecluseo.scenari-community.org/CircuitPython/res/ioadafruit.png]
[lecluseo.scenari-community.org/CircuitPython/res/dashboard.png]
[lecluseo.scenari-community.org/CircuitPython/res/dashboard_1.png]
[lecluseo.scenari-community.org/CircuitPython/co/g_adafruit_io.html]
[lecluseo.scenari-community.org/CircuitPython/res/feed.png]
[lecluseo.scenari-community.org/CircuitPython/co/g_mqtt_pub.html]
[lecluseo.scenari-community.org/CircuitPython/res/result_subscribe.png]
[lecluseo.scenari-community.org/CircuitPython/co/g_mqtt_sub.html]
[lecluseo.scenari-community.org/CircuitPython/res/microbit-pins.jpg]
[lecluseo.scenari-community.org/CircuitPython/co/AA_kitSurvie_1.html]
[lecluseo.scenari-community.org/CircuitPython/co/g_leds.html]
[lecluseo.scenari-community.org/CircuitPython/co/g_boutons.html]
[lecluseo.scenari-community.org/CircuitPython/co/g_gpio.html]
[lecluseo.scenari-community.org/CircuitPython/co/g_radio.html]
[lecluseo.scenari-community.org/CircuitPython/res/pin0-gnd.png]
[lecluseo.scenari-community.org/CircuitPython/co/g_son.html]
[lecluseo.scenari-community.org/CircuitPython/co/g_temp.html]
[lecluseo.scenari-community.org/CircuitPython/co/g_accel.html]
[lecluseo.scenari-community.org/CircuitPython/co/g_boussole.html]
[lecluseo.scenari-community.org/CircuitPython/co/g_compteur.html]
[lecluseo.scenari-community.org/CircuitPython/co/g_shifumi.html]
[lecluseo.scenari-community.org/CircuitPython/co/g_canicule_1.html]
[lecluseo.scenari-community.org/CircuitPython/co/g_maqueenObstacles.html]
[lecluseo.scenari-community.org/CircuitPython/res/3538-01.jpg]
[lecluseo.scenari-community.org/CircuitPython/co/g_maqueen.html]
[lecluseo.scenari-community.org/CircuitPython/res/3538-01_1.jpg]
[lecluseo.scenari-community.org/CircuitPython/res/IMG_1211.jpg]
[lecluseo.scenari-community.org/CircuitPython/co/g_robhot.html]
[lecluseo.scenari-community.org/CircuitPython/co/g_maqueenObstacles_1.html]
[lecluseo.scenari-community.org/CircuitPython/res/IMG_0538.JPG]
[lecluseo.scenari-community.org/CircuitPython/co/g_maqueenRemote.html]
[lecluseo.scenari-community.org/CircuitPython/co/g_canicule.html]
[lecluseo.scenari-community.org/CircuitPython/co/g_son_1.html]
[lecluseo.scenari-community.org/CircuitPython/res/IMG_0487.JPG]
[lecluseo.scenari-community.org/CircuitPython/res/montage_feuChantier.png]
[lecluseo.scenari-community.org/CircuitPython/res/montage_feuChantier_1.png]
[lecluseo.scenari-community.org/CircuitPython/co/g_V0.html]
[lecluseo.scenari-community.org/CircuitPython/co/g_X0.html]
[lecluseo.scenari-community.org/CircuitPython/co/g_V1.html]
[lecluseo.scenari-community.org/CircuitPython/co/g_X1.html]
[lecluseo.scenari-community.org/CircuitPython/res/simV1.png]
[lecluseo.scenari-community.org/CircuitPython/res/simV1_1.png]
[lecluseo.scenari-community.org/CircuitPython/res/simV1b.png]
[lecluseo.scenari-community.org/CircuitPython/res/simV1b_1.png]
[lecluseo.scenari-community.org/CircuitPython/co/g_V1_clignotant.html]
[lecluseo.scenari-community.org/CircuitPython/co/g_X1_clignotant.html]
[lecluseo.scenari-community.org/CircuitPython/co/g_V2A.html]
[lecluseo.scenari-community.org/CircuitPython/co/g_X2A.html]
[lecluseo.scenari-community.org/CircuitPython/co/g_V2B.html]
[lecluseo.scenari-community.org/CircuitPython/co/g_X2B.html]
[lecluseo.scenari-community.org/CircuitPython/co/g_V3A.html]
[lecluseo.scenari-community.org/CircuitPython/co/g_X3A.html]
[lecluseo.scenari-community.org/CircuitPython/co/g_V3B.html]
[lecluseo.scenari-community.org/CircuitPython/co/g_X3B.html]
[lecluseo.scenari-community.org/CircuitPython/co/g_V4.html]
[lecluseo.scenari-community.org/CircuitPython/co/g_feuChantier.html]
[lecluseo.scenari-community.org/CircuitPython/res/IMG_0471.JPG]
[lecluseo.scenari-community.org/CircuitPython/co/g_X4.html]
[lecluseo.scenari-community.org/CircuitPython/res/IMG_0471_1.JPG]
[lecluseo.scenari-community.org/CircuitPython/co/g_vitesseSon.html]
[lecluseo.scenari-community.org/CircuitPython/res/IMG_0678.JPG]
[lecluseo.scenari-community.org/CircuitPython/res/IMG_0678_1.JPG]
[lecluseo.scenari-community.org/CircuitPython/res/fichiers_gps.png]
[github.com/CainZ/V.KEL-GPS/blob/master/VK2828U7G5LF Data Sheet 20150902.html]
[lecluseo.scenari-community.org/CircuitPython/res/fichiers_gps_1.png]
[lecluseo.scenari-community.org/CircuitPython/res/IMG_0679.JPG]
[lecluseo.scenari-community.org/CircuitPython/res/IMG_0679_1.JPG]
[lecluseo.scenari-community.org/CircuitPython/res/libreoffice_csv.png]
[lecluseo.scenari-community.org/CircuitPython/res/libreoffice_csv_1.png]
[lecluseo.scenari-community.org/CircuitPython/co/g_GPS.html]
[lecluseo.scenari-community.org/CircuitPython/co/g_batnav.html]
[lecluseo.scenari-community.org/CircuitPython/res/IMG_0525.jpg]
[lecluseo.scenari-community.org/CircuitPython/co/g_scudFighter.html]
[lecluseo.scenari-community.org/CircuitPython/co/g_scudFigherFull.html]
[lecluseo.scenari-community.org/CircuitPython/res/principe.png]
[lecluseo.scenari-community.org/CircuitPython/res/rc_led.png]
[lecluseo.scenari-community.org/CircuitPython/res/rc_led_1.png]
[lecluseo.scenari-community.org/CircuitPython/res/IMG_0540.JPG]
[lecluseo.scenari-community.org/CircuitPython/res/IMG_0540_1.JPG]
[lecluseo.scenari-community.org/CircuitPython/res/IMG_0541.JPG]
[lecluseo.scenari-community.org/CircuitPython/res/IMG_0541_1.JPG]
[lecluseo.scenari-community.org/CircuitPython/res/rc_LDR.png]
[lecluseo.scenari-community.org/CircuitPython/res/rc_LDR_1.png]
[lecluseo.scenari-community.org/CircuitPython/res/IMG_0543.JPG]
[lecluseo.scenari-community.org/CircuitPython/res/IMG_0543_1.JPG]
[lecluseo.scenari-community.org/CircuitPython/res/IMG_0544.jpg]
[lecluseo.scenari-community.org/CircuitPython/res/IMG_0544_1.jpg]
[lecluseo.scenari-community.org/CircuitPython/res/IMG_0542.JPG]
[lecluseo.scenari-community.org/CircuitPython/co/g_roueCodeuse.html]
[lecluseo.scenari-community.org/CircuitPython/res/IMG_0554.jpg]
[lecluseo.scenari-community.org/CircuitPython/res/SDS00002_2.png]
[lecluseo.scenari-community.org/CircuitPython/co/g_gpio_1.html]
[lecluseo.scenari-community.org/CircuitPython/res/schemaMoteur1.png]
[lecluseo.scenari-community.org/CircuitPython/res/IMG_0552.jpg]
[lecluseo.scenari-community.org/CircuitPython/res/IMG_0552_1.jpg]
[lecluseo.scenari-community.org/CircuitPython/res/pale_moteur.zip]
[lecluseo.scenari-community.org/CircuitPython/co/G_mu_2.html]
[lecluseo.scenari-community.org/CircuitPython/res/ht16k33_seg.zip]
[lecluseo.scenari-community.org/CircuitPython/res/schemaMoteur2.png]
[lecluseo.scenari-community.org/CircuitPython/res/IMG_0553.jpg]
[lecluseo.scenari-community.org/CircuitPython/res/IMG_0553_1.jpg]
[lecluseo.scenari-community.org/CircuitPython/res/schemaMoteur3.png]
[lecluseo.scenari-community.org/CircuitPython/res/schemaMoteur3_1.png]
[lecluseo.scenari-community.org/CircuitPython/co/g_stroboscope.html]
[lecluseo.scenari-community.org/CircuitPython/co/g_canicule_1.html]
[lecluseo.scenari-community.org/CircuitPython/res/maqueen.png]
[lecluseo.scenari-community.org/CircuitPython/res/maqueen.zip]
[lecluseo.scenari-community.org/CircuitPython/skin/img/lic/by-nc-sa.png]
[lecluseo.scenari-community.org/CircuitPython/res/maqueenFichier.png]
[lecluseo.scenari-community.org/CircuitPython/co/g_maqueen.html]
[lecluseo.scenari-community.org/CircuitPython/co/g_maqueenObstacles_1.html]
[lecluseo.scenari-community.org/CircuitPython/co/g_son_1.html]
[lecluseo.scenari-community.org/CircuitPython/co/g_V0.html]
[lecluseo.scenari-community.org/CircuitPython/co/g_X0.html]
[lecluseo.scenari-community.org/CircuitPython/co/g_V1.html]
[lecluseo.scenari-community.org/CircuitPython/co/g_X1.html]
[lecluseo.scenari-community.org/CircuitPython/co/g_V1_clignotant.html]
[lecluseo.scenari-community.org/CircuitPython/co/g_X1_clignotant.html]
[lecluseo.scenari-community.org/CircuitPython/co/g_V2A.html]
[lecluseo.scenari-community.org/CircuitPython/co/g_X2A.html]
[lecluseo.scenari-community.org/CircuitPython/co/g_V2B.html]
[lecluseo.scenari-community.org/CircuitPython/co/g_X2B.html]
[lecluseo.scenari-community.org/CircuitPython/co/g_V3A.html]
[lecluseo.scenari-community.org/CircuitPython/co/g_X3A.html]
[lecluseo.scenari-community.org/CircuitPython/co/g_V3B.html]
[lecluseo.scenari-community.org/CircuitPython/co/g_X3B.html]
[lecluseo.scenari-community.org/CircuitPython/co/g_V4.html]
[lecluseo.scenari-community.org/CircuitPython/co/g_X4.html]
[lecluseo.scenari-community.org/CircuitPython/co/g_scudFigherFull.html]
[lecluseo.scenari-community.org/CircuitPython/co/g_gpio_1.html]
[lecluseo.scenari-community.org/CircuitPython/co/G_mu_2.html]
[lecluseo.scenari-community.org/CircuitPython/skin/font/fontello.svg]
[cdn-learn.adafruit.com/assets/assets/000/047/156/original/circuit_playground_Adafruit_Circuit_Playground_Express_Pinout]
[lecluseo.scenari-community.org/CircuitPython/skin/img/tpl/menu-tools.svg]
[lecluseo.scenari-community.org/CircuitPython/skin/img/tpl/menu-scroller.svg]
[lecluseo.scenari-community.org/CircuitPython/skin/img/tpl/menu-bullet-quiz.svg]
[lecluseo.scenari-community.org/CircuitPython/skin/img/tpl/menu-toggle.svg]
[lecluseo.scenari-community.org/CircuitPython/skin/img/content/buttons.svg]
[lecluseo.scenari-community.org/CircuitPython/skin/img/code/buttons.png]
[lecluseo.scenari-community.org/CircuitPython/skin/img/search/find.svg]
[lecluseo.scenari-community.org/CircuitPython/skin/img/search/schPgeRank.svg]
[lecluseo.scenari-community.org/CircuitPython/skin/img/search/schBtn.svg]
[lecluseo.scenari-community.org/CircuitPython/skin/img/search/schMnuTgle.svg]
[lecluseo.scenari-community.org/CircuitPython/skin/img/player/icons.svg]
[lecluseo.scenari-community.org/CircuitPython/skin/img/content/blocks.svg]
[lecluseo.scenari-community.org/CircuitPython/skin/img/content/ico.svg]
[lecluseo.scenari-community.org/CircuitPython/skin/img/tpl/toolbar-quiz.svg]
[lecluseo.scenari-community.org/CircuitPython/skin/img/quiz/practOpen.png]
[lecluseo.scenari-community.org/CircuitPython/skin/img/quiz/practClose.png]
[lecluseo.scenari-community.org/CircuitPython/skin/img/quiz/quest.png]
[lecluseo.scenari-community.org/CircuitPython/skin/img/quiz/dragArrow.gif]
[lecluseo.scenari-community.org/CircuitPython/skin/img/quiz/drop.gif]
[lecluseo.scenari-community.org/CircuitPython/skin/img/quiz/eval.svg]
[lecluseo.scenari-community.org/CircuitPython/skin/img/quiz/score.png]
[lecluseo.scenari-community.org/CircuitPython/skin/img/quiz/sol.png]
[lecluseo.scenari-community.org/CircuitPython/skin/img/quiz/explain.png]
[lecluseo.scenari-community.org/CircuitPython/skin/img/tpl/gallery.svg]
[lecluseo.scenari-community.org/CircuitPython/skin/img/tpl/button-resume.svg]
[lecluseo.scenari-community.org/CircuitPython/skin/img/tpl/mnuMobile.svg]
[lecluseo.scenari-community.org/CircuitPython/skin/img/tpl/mnuEmeraude.svg]
[lecluseo.scenari-community.org/CircuitPython/skin/img/tpl/button-exit.svg]
[lecluseo.scenari-community.org/CircuitPython/skin/img/richStream/videoPlayPause.svg]
[lecluseo.scenari-community.org/CircuitPython/skin/css/main.css]
[lecluseo.scenari-community.org/CircuitPython/skin/img/richStream/icons.svg]
[lecluseo.scenari-community.org/CircuitPython/skin/img/tpl/logoMyScenari.png]
[lecluseo.scenari-community.org/CircuitPython/skin/img/tpl/next.png]
[lecluseo.scenari-community.org/CircuitPython/skin/css/skin.css]
[lecluseo.scenari-community.org/CircuitPython/skin/css/print.css]
[lecluseo.scenari-community.org/CircuitPython/lib-md/w_scImgMgr/scImgMgr.css]
[lecluseo.scenari-community.org/CircuitPython/lib-md/w_scCodeMgr/scCodeMgr.css]
[lecluseo.scenari-community.org/CircuitPython/co/g_Comparatif_1.html]
[lecluseo.scenari-community.org/CircuitPython/co/g_fabrication_1.html]
[github.githubassets.com/index.html]
[github.githubassets.com/assets/light-5178aee0ee76.css]
[github.githubassets.com/assets/dark-217d4f9c8e70.css]
[github.githubassets.com/assets/primer-1c02b272deb7.css]
[github.githubassets.com/assets/global-e193fa5e046f.css]
[github.githubassets.com/assets/code-3d7b701fc6eb.css]
[github.githubassets.com/assets/github-365e5d2cf269.css]
[github.com/opensearch.xml]
[github.com/fluidicon.png]
[github.githubassets.com/favicons/favicon.png]
[github.com/manifest.json]
[github.com/CainZ/V.KEL-GPS/blob/master/VK2828U7G5LF Data Sheet 20150902.html]
[lecluseo.scenari-community.org/CircuitPython/skin/font/fontello.svg]
[lecluseo.scenari-community.org/CircuitPython/skin/img/tpl/back-menu.html]
[lecluseo.scenari-community.org/CircuitPython/skin/img/tpl/back-top.html]
[lecluseo.scenari-community.org/CircuitPython/skin/img/tpl/menu-tools.svg]
[lecluseo.scenari-community.org/CircuitPython/skin/img/tpl/menu-scroller.svg]
[lecluseo.scenari-community.org/CircuitPython/skin/img/tpl/menu-bullet-quiz.svg]
[lecluseo.scenari-community.org/CircuitPython/skin/img/tpl/menu-toggle.svg]
[lecluseo.scenari-community.org/CircuitPython/skin/img/tpl/back-home.html]
[lecluseo.scenari-community.org/CircuitPython/skin/img/tpl/button-start.html]
[lecluseo.scenari-community.org/CircuitPython/skin/img/content/buttons.svg]
[lecluseo.scenari-community.org/CircuitPython/skin/img/search/find.svg]
[lecluseo.scenari-community.org/CircuitPython/skin/img/search/schPgeRank.svg]
[lecluseo.scenari-community.org/CircuitPython/skin/img/search/schBtn.svg]
[lecluseo.scenari-community.org/CircuitPython/skin/img/search/schMnuTgle.svg]
[lecluseo.scenari-community.org/CircuitPython/skin/img/player/icons.svg]
[sodipodi.sourceforge.net/DTD/sodipodi-0.16d.delayed]
[lecluseo.scenari-community.org/CircuitPython/skin/img/content/blocks.svg]
[lecluseo.scenari-community.org/CircuitPython/skin/img/content/ico.svg]
[lecluseo.scenari-community.org/CircuitPython/skin/img/tpl/toolbar-quiz.svg]
[lecluseo.scenari-community.org/CircuitPython/skin/img/quiz/eval.svg]
[lecluseo.scenari-community.org/CircuitPython/skin/img/tpl/gallery.svg]
[lecluseo.scenari-community.org/CircuitPython/skin/img/tpl/button-resume.svg]
[lecluseo.scenari-community.org/CircuitPython/skin/img/tpl/back-top-straight.html]
[lecluseo.scenari-community.org/CircuitPython/skin/img/tpl/mnuMobile.svg]
[lecluseo.scenari-community.org/CircuitPython/skin/img/tpl/mnuEmeraude.svg]
[lecluseo.scenari-community.org/CircuitPython/skin/img/tpl/button-exit.svg]
[lecluseo.scenari-community.org/CircuitPython/skin/img/richStream/videoPlayPause.svg]
[lecluseo.scenari-community.org/CircuitPython/skin/img/richStream/icons.svg]
[github.githubassets.com/index.html]
[avatars.githubusercontent.com/index.html]
[lecluseo.scenari-community.org/CircuitPython/skin/img/tpl/buttons.svg]
[github-cloud.s3.amazonaws.com/index.html]
[user-images.githubusercontent.com/index.html]
[github.githubassets.com/assets/light-5178aee0ee76.css]
[github.githubassets.com/assets/dark-217d4f9c8e70.css]
[github.githubassets.com/assets/primer-1c02b272deb7.css]
[github.githubassets.com/assets/global-e193fa5e046f.css]
[github.githubassets.com/assets/github-365e5d2cf269.css]
[github.githubassets.com/assets/code-3d7b701fc6eb.css]
[github.githubassets.com/pinned-octocat.svg]
[github.githubassets.com/favicons/favicon.svg]
[lecluseo.scenari-community.org/CircuitPython/skin/img/tpl/back-bottom.svg]
[lecluseo.scenari-community.org/CircuitPython/skin/img/tpl/buttons.svg]
[lecluseo.scenari-community.org/CircuitPython/skin/img/tpl/back-bottom-straight.svg]
[sodipodi.sourceforge.net/DTD/sodipodi-0.html]
